May 10 13:09:31 HQTDGL022 com.apple.dt.xcodebuild[53323] <Error>: Unable to deliver request ({
	    "developer_dir" = "/Applications/Xcode.app/Contents/Developer";
	    request = "set_developer_dir";
	}) because we are not connected to CoreSimulatorService.
May 10 13:09:31 HQTDGL022 com.apple.dt.xcodebuild[53323] <Warning>: Unable to discover any Simulator runtimes. Developer Directory is /Applications/Xcode.app/Contents/Developer.
May 10 13:09:31 HQTDGL022 com.apple.dt.xcodebuild[53323] <Error>: Could not kickstart simdiskimaged; SimDiskImageManager services will not be available: Error Domain=NSPOSIXErrorDomain Code=53 "Software caused connection abort" UserInfo={NSLocalizedDescription=Error returned in reply from CoreSimulatorService: Connection invalid}
May 10 13:09:31 HQTDGL022 com.apple.dt.xcodebuild[53323] <Error>: simdiskimaged returned error (invalid), marking disconnected.
May 10 13:09:31 HQTDGL022 com.apple.dt.xcodebuild[53323] <Error>: Unable to deliver request ({
	    request = "notification_subscription";
	    "set_path" = "/Users/yuhang.ang/Library/Developer/CoreSimulator/Devices";
	}) because we are not connected to CoreSimulatorService.
May 10 13:09:31 HQTDGL022 com.apple.dt.xcodebuild[53323] <Error>: simdiskimaged returned error (invalid), marking disconnected.
May 10 13:09:31 HQTDGL022 com.apple.dt.xcodebuild[53323] <Error>: Could not get list of trusted mount directories: Error Domain=com.apple.CoreSimulator.SimError Code=410 "The service used to manage runtime disk images (simdiskimaged) crashed or is not responding" UserInfo={NSLocalizedDescription=The service used to manage runtime disk images (simdiskimaged) crashed or is not responding}
May 10 13:09:31 HQTDGL022 com.apple.dt.xcodebuild[53323] <Error>: Unable to deliver request ({
	    request = "notification_subscription";
	    "set_path" = "/Users/yuhang.ang/Library/Developer/CoreSimulator/Devices";
	}) because we are not connected to CoreSimulatorService.
May 10 17:33:19 HQTDGL022 com.apple.dt.xcodebuild[10204] <Error>: Unable to deliver request ({
	    "developer_dir" = "/Applications/Xcode.app/Contents/Developer";
	    request = "set_developer_dir";
	}) because we are not connected to CoreSimulatorService.
May 10 17:33:19 HQTDGL022 com.apple.dt.xcodebuild[10204] <Warning>: Unable to discover any Simulator runtimes. Developer Directory is /Applications/Xcode.app/Contents/Developer.
May 10 17:33:19 HQTDGL022 com.apple.dt.xcodebuild[10204] <Error>: Could not kickstart simdiskimaged; SimDiskImageManager services will not be available: Error Domain=NSPOSIXErrorDomain Code=53 "Software caused connection abort" UserInfo={NSLocalizedDescription=Error returned in reply from CoreSimulatorService: Connection invalid}
May 10 17:33:19 HQTDGL022 com.apple.dt.xcodebuild[10204] <Error>: Unable to deliver request ({
	    request = "notification_subscription";
	    "set_path" = "/Users/yuhang.ang/Library/Developer/CoreSimulator/Devices";
	}) because we are not connected to CoreSimulatorService.
May 10 17:33:19 HQTDGL022 com.apple.dt.xcodebuild[10204] <Error>: simdiskimaged returned error (invalid), marking disconnected.
May 10 17:33:19 HQTDGL022 com.apple.dt.xcodebuild[10204] <Error>: Could not get list of trusted mount directories: Error Domain=com.apple.CoreSimulator.SimError Code=410 "The service used to manage runtime disk images (simdiskimaged) crashed or is not responding" UserInfo={NSLocalizedDescription=The service used to manage runtime disk images (simdiskimaged) crashed or is not responding}
May 10 17:33:19 HQTDGL022 com.apple.dt.xcodebuild[10204] <Error>: simdiskimaged returned error (invalid), marking disconnected.
May 10 17:33:19 HQTDGL022 com.apple.dt.xcodebuild[10204] <Error>: Unable to deliver request ({
	    request = "notification_subscription";
	    "set_path" = "/Users/yuhang.ang/Library/Developer/CoreSimulator/Devices";
	}) because we are not connected to CoreSimulatorService.
May 10 18:31:21 HQTDGL022 com.apple.dt.xcodebuild[34822] <Error>: Unable to deliver request ({
	    "developer_dir" = "/Applications/Xcode.app/Contents/Developer";
	    request = "set_developer_dir";
	}) because we are not connected to CoreSimulatorService.
May 10 18:31:22 HQTDGL022 com.apple.dt.xcodebuild[34822] <Error>: Could not kickstart simdiskimaged; SimDiskImageManager services will not be available: Error Domain=NSPOSIXErrorDomain Code=53 "Software caused connection abort" UserInfo={NSLocalizedDescription=Error returned in reply from CoreSimulatorService: Connection invalid}
May 10 18:31:22 HQTDGL022 com.apple.dt.xcodebuild[34822] <Error>: simdiskimaged returned error (invalid), marking disconnected.
May 10 18:31:22 HQTDGL022 com.apple.dt.xcodebuild[34822] <Warning>: Unable to discover any Simulator runtimes. Developer Directory is /Applications/Xcode.app/Contents/Developer.
May 10 18:31:22 HQTDGL022 com.apple.dt.xcodebuild[34822] <Error>: simdiskimaged returned error (invalid), marking disconnected.
May 10 18:31:22 HQTDGL022 com.apple.dt.xcodebuild[34822] <Error>: Could not get list of trusted mount directories: Error Domain=com.apple.CoreSimulator.SimError Code=410 "The service used to manage runtime disk images (simdiskimaged) crashed or is not responding" UserInfo={NSLocalizedDescription=The service used to manage runtime disk images (simdiskimaged) crashed or is not responding}
May 10 18:31:22 HQTDGL022 com.apple.dt.xcodebuild[34831] <Warning>: Unable to discover any Simulator runtimes. Developer Directory is /Applications/Xcode.app/Contents/Developer.
May 10 18:31:22 HQTDGL022 com.apple.dt.xcodebuild[34831] <Error>: Could not kickstart simdiskimaged; SimDiskImageManager services will not be available: Error Domain=NSPOSIXErrorDomain Code=53 "Software caused connection abort" UserInfo={NSLocalizedDescription=Error returned in reply from CoreSimulatorService: Connection invalid}
May 10 18:31:22 HQTDGL022 com.apple.dt.xcodebuild[34822] <Error>: Unable to deliver request ({
	    request = "notification_subscription";
	    "set_path" = "/Users/yuhang.ang/Library/Developer/CoreSimulator/Devices";
	}) because we are not connected to CoreSimulatorService.
May 10 18:31:22 HQTDGL022 com.apple.dt.xcodebuild[34822] <Error>: Unable to deliver request ({
	    request = "notification_subscription";
	    "set_path" = "/Users/yuhang.ang/Library/Developer/CoreSimulator/Devices";
	}) because we are not connected to CoreSimulatorService.
May 10 18:31:22 HQTDGL022 com.apple.dt.xcodebuild[34831] <Error>: Unable to deliver request ({
	    request = "notification_subscription";
	    "set_path" = "/Users/yuhang.ang/Library/Developer/CoreSimulator/Devices";
	}) because we are not connected to CoreSimulatorService.
May 10 18:31:22 HQTDGL022 com.apple.dt.xcodebuild[34831] <Error>: simdiskimaged returned error (invalid), marking disconnected.
May 10 18:31:22 HQTDGL022 com.apple.dt.xcodebuild[34831] <Error>: simdiskimaged returned error (invalid), marking disconnected.
May 10 18:31:22 HQTDGL022 com.apple.dt.xcodebuild[34831] <Error>: Could not get list of trusted mount directories: Error Domain=com.apple.CoreSimulator.SimError Code=410 "The service used to manage runtime disk images (simdiskimaged) crashed or is not responding" UserInfo={NSLocalizedDescription=The service used to manage runtime disk images (simdiskimaged) crashed or is not responding}
May 10 18:31:22 HQTDGL022 com.apple.dt.xcodebuild[34831] <Error>: Unable to deliver request ({
	    request = "notification_subscription";
	    "set_path" = "/Users/yuhang.ang/Library/Developer/CoreSimulator/Devices";
	}) because we are not connected to CoreSimulatorService.
